INFO     [ReactivePlanner]: Route and initial reference path planned
INFO     [ReactivePlanner]: Coordinate System: Pre-process reference path is set to True.
INFO     [ReactivePlanner]: Coordinate System initialized
INFO     [ReactivePlanner]: Sampled interval of velocity: 17.125 m/s - 22.125 m/s
INFO     [ReactivePlanner]: ===============================================================
INFO     [ReactivePlanner]: =================== Starting Planning Cycle ===================
INFO     [ReactivePlanner]: ==== Initial state Cartesian ====
INFO     [ReactivePlanner]: time_step=0
INFO     [ReactivePlanner]: position=[28.57295174 -1.19981384], steering_angle=0.0, velocity=20.0
INFO     [ReactivePlanner]: orientation=0.03495, acceleration=0.0, yaw_rate=0.0
INFO     [ReactivePlanner]: ==== Initial state Curvilinear ====
INFO     [ReactivePlanner]: longitudinal state = [np.float64(29.12203784672174), np.float64(19.9998432933459), np.float64(0.0024342240471291847)]
INFO     [ReactivePlanner]: lateral state = [np.float64(-0.0038813875970101067), 0.04825667275513659, np.float64(-0.507491811007755)]
INFO     [ReactivePlanner]: ==== Target states ====
INFO     [ReactivePlanner]: longitudinal driving mode: velocity_keeping
INFO     [ReactivePlanner]: desired velocity: 20.0 m/s
INFO     [ReactivePlanner]: desired longitudinal position: None m
INFO     [ReactivePlanner]: ==== Sampling Settings ====
INFO     [ReactivePlanner]: sampling mode: 1
INFO     [ReactivePlanner]: ===== Sampling trajectories ... =====
INFO     [ReactivePlanner]: Sampling density 2 of 4
INFO     [ReactivePlanner]: Number of trajectory samples: 120
INFO     [ReactivePlanner]: ===== Checking trajectories ... =====
INFO     [ReactivePlanner]: Kinematic checks took:  	0.0266262s
INFO     [ReactivePlanner]: Sort trajectories took:  	0.0009890s
INFO     [ReactivePlanner]: Collision checks took:  	0.1467695s
INFO     [ReactivePlanner]: ===== Planning result =====
INFO     [ReactivePlanner]: Total checking time: 	0.1782672
INFO     [ReactivePlanner]: Type conversion time: 	0.0011564
INFO     [ReactivePlanner]: Rejected 56 infeasible trajectories due to kinematics
INFO     [ReactivePlanner]: Rejected 41 infeasible trajectories due to collisions
INFO     [ReactivePlanner]: Total planning time: 	0.1798486
current time step: 0
current time step: 1
current time step: 2
INFO     [ReactivePlanner]: Sampled interval of velocity: 17.121022298736367 m/s - 22.121022298736367 m/s
INFO     [ReactivePlanner]: ===============================================================
INFO     [ReactivePlanner]: =================== Starting Planning Cycle ===================
INFO     [ReactivePlanner]: ==== Initial state Cartesian ====
INFO     [ReactivePlanner]: time_step=3
INFO     [ReactivePlanner]: position=[34.56105503 -0.86141365], steering_angle=0.04083641096031632, velocity=19.996022298736367
INFO     [ReactivePlanner]: orientation=0.09492116397470018, acceleration=0.09610690357243154, yaw_rate=0.29499384015500424
INFO     [ReactivePlanner]: ==== Initial state Curvilinear ====
INFO     [ReactivePlanner]: longitudinal state = (np.float64(35.11888330980759), np.float64(19.969438594903487), np.float64(-0.19132308907916457))
INFO     [ReactivePlanner]: lateral state = (np.float64(0.1201983934780537), np.float64(1.090877069040287), np.float64(5.801611365505099))
INFO     [ReactivePlanner]: ==== Target states ====
INFO     [ReactivePlanner]: longitudinal driving mode: velocity_keeping
INFO     [ReactivePlanner]: desired velocity: 20.0 m/s
INFO     [ReactivePlanner]: desired longitudinal position: None m
INFO     [ReactivePlanner]: ==== Sampling Settings ====
INFO     [ReactivePlanner]: sampling mode: 1
INFO     [ReactivePlanner]: ===== Sampling trajectories ... =====
INFO     [ReactivePlanner]: Sampling density 2 of 4
INFO     [ReactivePlanner]: Number of trajectory samples: 120
INFO     [ReactivePlanner]: ===== Checking trajectories ... =====
INFO     [ReactivePlanner]: Kinematic checks took:  	0.0270382s
INFO     [ReactivePlanner]: Sort trajectories took:  	0.0006625s
INFO     [ReactivePlanner]: Collision checks took:  	0.2353213s
INFO     [ReactivePlanner]: ===== Planning result =====
INFO     [ReactivePlanner]: Total checking time: 	0.1189441
INFO     [ReactivePlanner]: Type conversion time: 	0.0018249
INFO     [ReactivePlanner]: Rejected 77 infeasible trajectories due to kinematics
INFO     [ReactivePlanner]: Rejected 27 infeasible trajectories due to collisions
INFO     [ReactivePlanner]: Total planning time: 	0.1207132
current time step: 3
current time step: 4
current time step: 5
INFO     [ReactivePlanner]: Sampled interval of velocity: 17.151088968831935 m/s - 22.151088968831935 m/s
INFO     [ReactivePlanner]: ===============================================================
INFO     [ReactivePlanner]: =================== Starting Planning Cycle ===================
INFO     [ReactivePlanner]: ==== Initial state Cartesian ====
INFO     [ReactivePlanner]: time_step=6
INFO     [ReactivePlanner]: position=[40.50946989 -0.05603965], steering_angle=0.021504752102489474, velocity=20.026088968831935
INFO     [ReactivePlanner]: orientation=0.1679303294206706, acceleration=0.011370720599759965, yaw_rate=0.19267332118916292
INFO     [ReactivePlanner]: ==== Initial state Curvilinear ====
INFO     [ReactivePlanner]: longitudinal state = (np.float64(41.10002917898006), np.float64(19.90179048584767), np.float64(-0.25285736371827205))
INFO     [ReactivePlanner]: lateral state = (np.float64(0.6648887870065222), np.float64(2.3883291588385926), np.float64(2.7730224124015828))
INFO     [ReactivePlanner]: ==== Target states ====
INFO     [ReactivePlanner]: longitudinal driving mode: velocity_keeping
INFO     [ReactivePlanner]: desired velocity: 20.0 m/s
INFO     [ReactivePlanner]: desired longitudinal position: None m
INFO     [ReactivePlanner]: ==== Sampling Settings ====
INFO     [ReactivePlanner]: sampling mode: 1
INFO     [ReactivePlanner]: ===== Sampling trajectories ... =====
INFO     [ReactivePlanner]: Sampling density 2 of 4
INFO     [ReactivePlanner]: Number of trajectory samples: 120
INFO     [ReactivePlanner]: ===== Checking trajectories ... =====
INFO     [ReactivePlanner]: Kinematic checks took:  	0.0224671s
INFO     [ReactivePlanner]: Sort trajectories took:  	0.0005936s
INFO     [ReactivePlanner]: Collision checks took:  	0.2876773s
INFO     [ReactivePlanner]: ===== Planning result =====
INFO     [ReactivePlanner]: Total checking time: 	0.0773901
INFO     [ReactivePlanner]: Type conversion time: 	0.0022499
INFO     [ReactivePlanner]: Rejected 81 infeasible trajectories due to kinematics
INFO     [ReactivePlanner]: Rejected 21 infeasible trajectories due to collisions
INFO     [ReactivePlanner]: Total planning time: 	0.0789431
current time step: 6
current time step: 7
current time step: 8
INFO     [ReactivePlanner]: Sampled interval of velocity: 17.08516757854273 m/s - 22.08516757854273 m/s
INFO     [ReactivePlanner]: ===============================================================
INFO     [ReactivePlanner]: =================== Starting Planning Cycle ===================
INFO     [ReactivePlanner]: ==== Initial state Cartesian ====
INFO     [ReactivePlanner]: time_step=9
INFO     [ReactivePlanner]: position=[46.41153138  1.03063961], steering_angle=-0.0015305517759262926, velocity=19.96016757854273
INFO     [ReactivePlanner]: orientation=0.18837110461646367, acceleration=-0.417558556659105, yaw_rate=0.010748514616108484
INFO     [ReactivePlanner]: ==== Initial state Curvilinear ====
INFO     [ReactivePlanner]: longitudinal state = (np.float64(47.05955235156954), np.float64(19.829677655567973), np.float64(-0.22658421400350925))
INFO     [ReactivePlanner]: lateral state = (np.float64(1.4433777281100653), np.float64(2.6204262134336123), np.float64(-0.8586745377691445))
INFO     [ReactivePlanner]: ==== Target states ====
INFO     [ReactivePlanner]: longitudinal driving mode: velocity_keeping
INFO     [ReactivePlanner]: desired velocity: 20.0 m/s
INFO     [ReactivePlanner]: desired longitudinal position: None m
INFO     [ReactivePlanner]: ==== Sampling Settings ====
INFO     [ReactivePlanner]: sampling mode: 1
INFO     [ReactivePlanner]: ===== Sampling trajectories ... =====
INFO     [ReactivePlanner]: Sampling density 2 of 4
INFO     [ReactivePlanner]: Number of trajectory samples: 120
INFO     [ReactivePlanner]: ===== Checking trajectories ... =====
INFO     [ReactivePlanner]: Kinematic checks took:  	0.0288025s
INFO     [ReactivePlanner]: Sort trajectories took:  	0.0005948s
INFO     [ReactivePlanner]: Collision checks took:  	0.3227250s
INFO     [ReactivePlanner]: ===== Planning result =====
INFO     [ReactivePlanner]: Total checking time: 	0.0660503
INFO     [ReactivePlanner]: Type conversion time: 	0.0025242
INFO     [ReactivePlanner]: Rejected 81 infeasible trajectories due to kinematics
INFO     [ReactivePlanner]: Rejected 21 infeasible trajectories due to collisions
INFO     [ReactivePlanner]: Total planning time: 	0.0677564
current time step: 9
current time step: 10
current time step: 11
INFO     [ReactivePlanner]: Sampled interval of velocity: 16.93022340852144 m/s - 21.93022340852144 m/s
INFO     [ReactivePlanner]: ===============================================================
INFO     [ReactivePlanner]: =================== Starting Planning Cycle ===================
INFO     [ReactivePlanner]: ==== Initial state Cartesian ====
INFO     [ReactivePlanner]: time_step=12
INFO     [ReactivePlanner]: position=[52.2803138   2.10265551], steering_angle=-0.012797870538177932, velocity=19.80522340852144
INFO     [ReactivePlanner]: orientation=0.16952544338050318, acceleration=-0.5483005999061019, yaw_rate=-0.08959101537046071
INFO     [ReactivePlanner]: ==== Initial state Curvilinear ====
INFO     [ReactivePlanner]: longitudinal state = (np.float64(52.99841692993733), np.float64(19.763420753163512), np.float64(-0.21322648841162103))
INFO     [ReactivePlanner]: lateral state = (np.float64(2.1578102002740227), np.float64(2.0567892650166444), np.float64(-2.5826147217066335))
INFO     [ReactivePlanner]: ==== Target states ====
INFO     [ReactivePlanner]: longitudinal driving mode: velocity_keeping
INFO     [ReactivePlanner]: desired velocity: 20.0 m/s
INFO     [ReactivePlanner]: desired longitudinal position: None m
INFO     [ReactivePlanner]: ==== Sampling Settings ====
INFO     [ReactivePlanner]: sampling mode: 1
INFO     [ReactivePlanner]: ===== Sampling trajectories ... =====
INFO     [ReactivePlanner]: Sampling density 2 of 4
INFO     [ReactivePlanner]: Number of trajectory samples: 120
INFO     [ReactivePlanner]: ===== Checking trajectories ... =====
INFO     [ReactivePlanner]: Kinematic checks took:  	0.0282813s
INFO     [ReactivePlanner]: Sort trajectories took:  	0.0006506s
INFO     [ReactivePlanner]: Collision checks took:  	0.3446697s
INFO     [ReactivePlanner]: ===== Planning result =====
INFO     [ReactivePlanner]: Total checking time: 	0.0521423
INFO     [ReactivePlanner]: Type conversion time: 	0.0026928
INFO     [ReactivePlanner]: Rejected 77 infeasible trajectories due to kinematics
INFO     [ReactivePlanner]: Rejected 22 infeasible trajectories due to collisions
INFO     [ReactivePlanner]: Total planning time: 	0.0537083
current time step: 12
current time step: 13
current time step: 14
INFO     [ReactivePlanner]: Sampled interval of velocity: 16.877547681492874 m/s - 21.877547681492874 m/s
INFO     [ReactivePlanner]: ===============================================================
INFO     [ReactivePlanner]: =================== Starting Planning Cycle ===================
INFO     [ReactivePlanner]: ==== Initial state Cartesian ====
INFO     [ReactivePlanner]: time_step=15
INFO     [ReactivePlanner]: position=[58.13870723  3.00947515], steering_angle=-0.013294182489155332, velocity=19.752547681492874
INFO     [ReactivePlanner]: orientation=0.13837109707576922, acceleration=0.1705397796890465, yaw_rate=-0.1038727168212139
INFO     [ReactivePlanner]: ==== Initial state Curvilinear ====
INFO     [ReactivePlanner]: longitudinal state = (np.float64(58.92776577397656), np.float64(19.79561368571057), np.float64(0.3876164171720432))
INFO     [ReactivePlanner]: lateral state = (np.float64(2.654872869690485), np.float64(1.2558913961867044), np.float64(-2.6105070521618767))
INFO     [ReactivePlanner]: ==== Target states ====
INFO     [ReactivePlanner]: longitudinal driving mode: velocity_keeping
INFO     [ReactivePlanner]: desired velocity: 20.0 m/s
INFO     [ReactivePlanner]: desired longitudinal position: None m
INFO     [ReactivePlanner]: ==== Sampling Settings ====
INFO     [ReactivePlanner]: sampling mode: 1
INFO     [ReactivePlanner]: ===== Sampling trajectories ... =====
INFO     [ReactivePlanner]: Sampling density 2 of 4
INFO     [ReactivePlanner]: Number of trajectory samples: 120
INFO     [ReactivePlanner]: ===== Checking trajectories ... =====
INFO     [ReactivePlanner]: Kinematic checks took:  	0.0310263s
INFO     [ReactivePlanner]: Sort trajectories took:  	0.0007266s
INFO     [ReactivePlanner]: Collision checks took:  	0.3507558s
INFO     [ReactivePlanner]: ===== Planning result =====
INFO     [ReactivePlanner]: Total checking time: 	0.0386844
INFO     [ReactivePlanner]: Type conversion time: 	0.0027510
INFO     [ReactivePlanner]: Rejected 72 infeasible trajectories due to kinematics
INFO     [ReactivePlanner]: Rejected 0 infeasible trajectories due to collisions
INFO     [ReactivePlanner]: Total planning time: 	0.0405995
current time step: 15
current time step: 16
current time step: 17
INFO     [ReactivePlanner]: Sampled interval of velocity: 16.881366372655464 m/s - 21.881366372655464 m/s
INFO     [ReactivePlanner]: ===============================================================
INFO     [ReactivePlanner]: =================== Starting Planning Cycle ===================
INFO     [ReactivePlanner]: ==== Initial state Cartesian ====
INFO     [ReactivePlanner]: time_step=18
INFO     [ReactivePlanner]: position=[64.03140423  3.62245889], steering_angle=-0.046577060273307824, velocity=19.756366372655464
INFO     [ReactivePlanner]: orientation=0.057780498507442365, acceleration=0.1485591969115222, yaw_rate=-0.34307847920147155
INFO     [ReactivePlanner]: ==== Initial state Curvilinear ====
INFO     [ReactivePlanner]: longitudinal state = (np.float64(64.87649886743831), np.float64(19.84001519983575), np.float64(-0.06421833346896445))
INFO     [ReactivePlanner]: lateral state = (np.float64(2.8010915742224913), np.float64(-0.5318293736571337), np.float64(-7.695689251828644))
INFO     [ReactivePlanner]: ==== Target states ====
INFO     [ReactivePlanner]: longitudinal driving mode: velocity_keeping
INFO     [ReactivePlanner]: desired velocity: 20.0 m/s
INFO     [ReactivePlanner]: desired longitudinal position: None m
INFO     [ReactivePlanner]: ==== Sampling Settings ====
INFO     [ReactivePlanner]: sampling mode: 1
INFO     [ReactivePlanner]: ===== Sampling trajectories ... =====
INFO     [ReactivePlanner]: Sampling density 2 of 4
INFO     [ReactivePlanner]: Number of trajectory samples: 120
INFO     [ReactivePlanner]: ===== Checking trajectories ... =====
INFO     [ReactivePlanner]: Kinematic checks took:  	0.0268281s
INFO     [ReactivePlanner]: Sort trajectories took:  	0.0007183s
INFO     [ReactivePlanner]: Collision checks took:  	0.3568525s
INFO     [ReactivePlanner]: ===== Planning result =====
INFO     [ReactivePlanner]: Total checking time: 	0.0345775
INFO     [ReactivePlanner]: Type conversion time: 	0.0028079
INFO     [ReactivePlanner]: Rejected 77 infeasible trajectories due to kinematics
INFO     [ReactivePlanner]: Rejected 0 infeasible trajectories due to collisions
INFO     [ReactivePlanner]: Total planning time: 	0.0365365
current time step: 18
current time step: 19
current time step: 20
INFO     [ReactivePlanner]: Sampled interval of velocity: 16.960977436034522 m/s - 21.960977436034522 m/s
INFO     [ReactivePlanner]: ===============================================================
INFO     [ReactivePlanner]: =================== Starting Planning Cycle ===================
INFO     [ReactivePlanner]: ==== Initial state Cartesian ====
INFO     [ReactivePlanner]: time_step=21
INFO     [ReactivePlanner]: position=[69.96796397  3.70277124], steering_angle=-0.0197369536315449, velocity=19.835977436034522
INFO     [ReactivePlanner]: orientation=-0.018144147588877488, acceleration=0.22124945950571034, yaw_rate=-0.18493083277789785
INFO     [ReactivePlanner]: ==== Initial state Curvilinear ====
INFO     [ReactivePlanner]: longitudinal state = (np.float64(70.8223416937073), np.float64(19.789140902839296), np.float64(-0.2601397824993347))
INFO     [ReactivePlanner]: lateral state = (np.float64(2.3553204225583517), np.float64(-2.238493408010627), np.float64(-3.677301851251725))
INFO     [ReactivePlanner]: ==== Target states ====
INFO     [ReactivePlanner]: longitudinal driving mode: velocity_keeping
INFO     [ReactivePlanner]: desired velocity: 20.0 m/s
INFO     [ReactivePlanner]: desired longitudinal position: None m
INFO     [ReactivePlanner]: ==== Sampling Settings ====
INFO     [ReactivePlanner]: sampling mode: 1
INFO     [ReactivePlanner]: ===== Sampling trajectories ... =====
INFO     [ReactivePlanner]: Sampling density 2 of 4
INFO     [ReactivePlanner]: Number of trajectory samples: 120
INFO     [ReactivePlanner]: ===== Checking trajectories ... =====
INFO     [ReactivePlanner]: Kinematic checks took:  	0.0260183s
INFO     [ReactivePlanner]: Sort trajectories took:  	0.0006886s
INFO     [ReactivePlanner]: Collision checks took:  	0.3629873s
INFO     [ReactivePlanner]: ===== Planning result =====
INFO     [ReactivePlanner]: Total checking time: 	0.0337666
INFO     [ReactivePlanner]: Type conversion time: 	0.0028721
INFO     [ReactivePlanner]: Rejected 75 infeasible trajectories due to kinematics
INFO     [ReactivePlanner]: Rejected 0 infeasible trajectories due to collisions
INFO     [ReactivePlanner]: Total planning time: 	0.0353065
current time step: 21
current time step: 22
current time step: 23
INFO     [ReactivePlanner]: Sampled interval of velocity: 16.95487234735033 m/s - 21.95487234735033 m/s
INFO     [ReactivePlanner]: ===============================================================
INFO     [ReactivePlanner]: =================== Starting Planning Cycle ===================
INFO     [ReactivePlanner]: ==== Initial state Cartesian ====
INFO     [ReactivePlanner]: time_step=24
INFO     [ReactivePlanner]: position=[75.91915745  3.5248224 ], steering_angle=0.008022221939129137, velocity=19.82987234735033
INFO     [ReactivePlanner]: orientation=-0.028470029199468602, acceleration=-0.25724035237048143, yaw_rate=0.03379850249196181
INFO     [ReactivePlanner]: ==== Initial state Curvilinear ====
INFO     [ReactivePlanner]: longitudinal state = (np.float64(76.74715445008418), np.float64(19.709160864035656), np.float64(-0.2691386285826918))
INFO     [ReactivePlanner]: lateral state = (np.float64(1.5916636553520147), np.float64(-2.640758352412419), np.float64(0.5684463091872308))
INFO     [ReactivePlanner]: ==== Target states ====
INFO     [ReactivePlanner]: longitudinal driving mode: velocity_keeping
INFO     [ReactivePlanner]: desired velocity: 20.0 m/s
INFO     [ReactivePlanner]: desired longitudinal position: None m
INFO     [ReactivePlanner]: ==== Sampling Settings ====
INFO     [ReactivePlanner]: sampling mode: 1
INFO     [ReactivePlanner]: ===== Sampling trajectories ... =====
INFO     [ReactivePlanner]: Sampling density 2 of 4
INFO     [ReactivePlanner]: Number of trajectory samples: 120
INFO     [ReactivePlanner]: ===== Checking trajectories ... =====
INFO     [ReactivePlanner]: Kinematic checks took:  	0.0294484s
INFO     [ReactivePlanner]: Sort trajectories took:  	0.0007100s
INFO     [ReactivePlanner]: Collision checks took:  	0.3695245s
INFO     [ReactivePlanner]: ===== Planning result =====
INFO     [ReactivePlanner]: Total checking time: 	0.0374994
INFO     [ReactivePlanner]: Type conversion time: 	0.0029326
INFO     [ReactivePlanner]: Rejected 70 infeasible trajectories due to kinematics
INFO     [ReactivePlanner]: Rejected 0 infeasible trajectories due to collisions
INFO     [ReactivePlanner]: Total planning time: 	0.0390477
current time step: 24
current time step: 25
current time step: 26
INFO     [ReactivePlanner]: Goal of planning problem reached
Acceleration correct: True, with max deviation 0.021368660613726637
/home/ybw2204/robust-high-curvature-planner/baseline/commonroad-reactive-planner/commonroad_rp/utility/evaluation.py:199: UserWarning: FigureCanvasAgg is non-interactive, and thus cannot be shown
  plt.show()
/home/ybw2204/robust-high-curvature-planner/baseline/commonroad-reactive-planner/commonroad_rp/utility/evaluation.py:266: UserWarning: FigureCanvasAgg is non-interactive, and thus cannot be shown
  plt.show()
/home/ybw2204/robust-high-curvature-planner/baseline/commonroad-reactive-planner/commonroad_rp/utility/evaluation.py:298: UserWarning: FigureCanvasAgg is non-interactive, and thus cannot be shown
  plt.show()
/home/ybw2204/robust-high-curvature-planner/baseline/commonroad-reactive-planner/commonroad_rp/utility/evaluation.py:342: UserWarning: FigureCanvasAgg is non-interactive, and thus cannot be shown
  plt.show()
Feasibility Check Result: 
(True, {1: (True, <commonroad.scenario.trajectory.Trajectory object at 0x7a9d07c7b2b0>, <commonroad.scenario.trajectory.Trajectory object at 0x7a9c9fb4cb20>)})

ELAPSED_SECONDS=2.06
EXIT_STATUS=0
MAX_RSS_KB=163292
