INFO     [2026-09-29 22:20:40] --- Route and initial reference path planned (utils_coordinate_system.py:92)
INFO     [2026-09-29 22:20:40] --- Coordinate System: Pre-process reference path is set to True. (utils_coordinate_system.py:61)
INFO     [2026-09-29 22:20:40] --- Coordinate System initialized (utils_coordinate_system.py:62)
INFO     [2026-09-29 22:20:40] --- Sampled interval of velocity: 17.125 m/s - 22.125 m/s (reactive_planner.py:378)
INFO     [2026-09-29 22:20:40] --- =============================================================== (reactive_planner.py:674)
INFO     [2026-09-29 22:20:40] --- =================== Starting Planning Cycle =================== (reactive_planner.py:675)
INFO     [2026-09-29 22:20:40] --- ==== Initial state Cartesian ==== (reactive_planner.py:676)
INFO     [2026-09-29 22:20:40] --- time_step=0 (reactive_planner.py:677)
INFO     [2026-09-29 22:20:40] --- position=[28.57295174 -1.19981384], steering_angle=0.0, velocity=20.0 (reactive_planner.py:678)
INFO     [2026-09-29 22:20:40] --- orientation=0.03495, acceleration=0.0, yaw_rate=0.0 (reactive_planner.py:680)
INFO     [2026-09-29 22:20:40] --- ==== Initial state Curvilinear ==== (reactive_planner.py:682)
INFO     [2026-09-29 22:20:40] --- longitudinal state = [np.float64(29.12203784672174), np.float64(19.9998432933459), np.float64(0.0024342240471291847)] (reactive_planner.py:683)
INFO     [2026-09-29 22:20:40] --- lateral state = [np.float64(-0.0038813875970101067), 0.04825667275513659, np.float64(-0.507491811007755)] (reactive_planner.py:684)
INFO     [2026-09-29 22:20:40] --- ==== Target states ==== (reactive_planner.py:685)
INFO     [2026-09-29 22:20:40] --- longitudinal driving mode: velocity_keeping (reactive_planner.py:686)
INFO     [2026-09-29 22:20:40] --- desired velocity: 20.0 m/s (reactive_planner.py:687)
INFO     [2026-09-29 22:20:40] --- desired longitudinal position: None m (reactive_planner.py:688)
INFO     [2026-09-29 22:20:40] --- ==== Sampling Settings ==== (reactive_planner.py:689)
INFO     [2026-09-29 22:20:40] --- sampling mode: 1 (reactive_planner.py:690)
INFO     [2026-09-29 22:20:40] --- ===== Sampling trajectories ... ===== (reactive_planner.py:536)
INFO     [2026-09-29 22:20:40] --- Sampling density 2 of 4 (reactive_planner.py:537)
INFO     [2026-09-29 22:20:40] --- Number of trajectory samples: 120 (reactive_planner.py:546)
INFO     [2026-09-29 22:20:40] --- ===== Checking trajectories ... ===== (reactive_planner.py:1168)
INFO     [2026-09-29 22:20:40] --- Kinematic checks took:  	0.0278909s (reactive_planner.py:1214)
INFO     [2026-09-29 22:20:40] --- Sort trajectories took:  	0.0013464s (reactive_planner.py:1231)
INFO     [2026-09-29 22:20:40] --- Collision checks took:  	0.1371487s (reactive_planner.py:1118)
INFO     [2026-09-29 22:20:40] --- ===== Planning result ===== (reactive_planner.py:711)
INFO     [2026-09-29 22:20:40] --- Total checking time: 	0.1699064 (reactive_planner.py:713)
INFO     [2026-09-29 22:20:40] --- Type conversion time: 	0.0009902 (reactive_planner.py:714)
INFO     [2026-09-29 22:20:40] --- Rejected 56 infeasible trajectories due to kinematics (reactive_planner.py:715)
INFO     [2026-09-29 22:20:40] --- Rejected 41 infeasible trajectories due to collisions (reactive_planner.py:718)
INFO     [2026-09-29 22:20:40] --- Total planning time: 	0.1714653 (reactive_planner.py:745)
INFO     [2026-09-29 22:20:40] --- Sampled interval of velocity: 17.121022298736367 m/s - 22.121022298736367 m/s (reactive_planner.py:378)
INFO     [2026-09-29 22:20:40] --- =============================================================== (reactive_planner.py:674)
INFO     [2026-09-29 22:20:40] --- =================== Starting Planning Cycle =================== (reactive_planner.py:675)
INFO     [2026-09-29 22:20:40] --- ==== Initial state Cartesian ==== (reactive_planner.py:676)
INFO     [2026-09-29 22:20:40] --- time_step=3 (reactive_planner.py:677)
INFO     [2026-09-29 22:20:40] --- position=[34.56105503 -0.86141365], steering_angle=0.04083641096031632, velocity=19.996022298736367 (reactive_planner.py:678)
INFO     [2026-09-29 22:20:40] --- orientation=0.09492116397470018, acceleration=0.09610690357243154, yaw_rate=0.29499384015500424 (reactive_planner.py:680)
INFO     [2026-09-29 22:20:40] --- ==== Initial state Curvilinear ==== (reactive_planner.py:682)
INFO     [2026-09-29 22:20:40] --- longitudinal state = (np.float64(35.11888330980759), np.float64(19.969438594903487), np.float64(-0.19132308907916457)) (reactive_planner.py:683)
INFO     [2026-09-29 22:20:40] --- lateral state = (np.float64(0.1201983934780537), np.float64(1.090877069040287), np.float64(5.801611365505099)) (reactive_planner.py:684)
INFO     [2026-09-29 22:20:40] --- ==== Target states ==== (reactive_planner.py:685)
INFO     [2026-09-29 22:20:40] --- longitudinal driving mode: velocity_keeping (reactive_planner.py:686)
INFO     [2026-09-29 22:20:40] --- desired velocity: 20.0 m/s (reactive_planner.py:687)
INFO     [2026-09-29 22:20:40] --- desired longitudinal position: None m (reactive_planner.py:688)
INFO     [2026-09-29 22:20:40] --- ==== Sampling Settings ==== (reactive_planner.py:689)
INFO     [2026-09-29 22:20:40] --- sampling mode: 1 (reactive_planner.py:690)
INFO     [2026-09-29 22:20:40] --- ===== Sampling trajectories ... ===== (reactive_planner.py:536)
INFO     [2026-09-29 22:20:40] --- Sampling density 2 of 4 (reactive_planner.py:537)
INFO     [2026-09-29 22:20:40] --- Number of trajectory samples: 120 (reactive_planner.py:546)
INFO     [2026-09-29 22:20:40] --- ===== Checking trajectories ... ===== (reactive_planner.py:1168)
INFO     [2026-09-29 22:20:40] --- Kinematic checks took:  	0.0260767s (reactive_planner.py:1214)
INFO     [2026-09-29 22:20:40] --- Sort trajectories took:  	0.0006732s (reactive_planner.py:1231)
INFO     [2026-09-29 22:20:40] --- Collision checks took:  	0.2236697s (reactive_planner.py:1118)
INFO     [2026-09-29 22:20:40] --- ===== Planning result ===== (reactive_planner.py:711)
INFO     [2026-09-29 22:20:40] --- Total checking time: 	0.1159305 (reactive_planner.py:713)
INFO     [2026-09-29 22:20:40] --- Type conversion time: 	0.0016385 (reactive_planner.py:714)
INFO     [2026-09-29 22:20:40] --- Rejected 77 infeasible trajectories due to kinematics (reactive_planner.py:715)
INFO     [2026-09-29 22:20:40] --- Rejected 27 infeasible trajectories due to collisions (reactive_planner.py:718)
INFO     [2026-09-29 22:20:40] --- Total planning time: 	0.1174217 (reactive_planner.py:745)
INFO     [2026-09-29 22:20:40] --- Sampled interval of velocity: 17.151088968831935 m/s - 22.151088968831935 m/s (reactive_planner.py:378)
INFO     [2026-09-29 22:20:40] --- =============================================================== (reactive_planner.py:674)
INFO     [2026-09-29 22:20:40] --- =================== Starting Planning Cycle =================== (reactive_planner.py:675)
INFO     [2026-09-29 22:20:40] --- ==== Initial state Cartesian ==== (reactive_planner.py:676)
INFO     [2026-09-29 22:20:40] --- time_step=6 (reactive_planner.py:677)
INFO     [2026-09-29 22:20:40] --- position=[40.50946989 -0.05603965], steering_angle=0.021504752102489474, velocity=20.026088968831935 (reactive_planner.py:678)
INFO     [2026-09-29 22:20:40] --- orientation=0.1679303294206706, acceleration=0.011370720599759965, yaw_rate=0.19267332118916292 (reactive_planner.py:680)
INFO     [2026-09-29 22:20:40] --- ==== Initial state Curvilinear ==== (reactive_planner.py:682)
INFO     [2026-09-29 22:20:40] --- longitudinal state = (np.float64(41.10002917898006), np.float64(19.90179048584767), np.float64(-0.25285736371827205)) (reactive_planner.py:683)
INFO     [2026-09-29 22:20:40] --- lateral state = (np.float64(0.6648887870065222), np.float64(2.3883291588385926), np.float64(2.7730224124015828)) (reactive_planner.py:684)
INFO     [2026-09-29 22:20:40] --- ==== Target states ==== (reactive_planner.py:685)
INFO     [2026-09-29 22:20:40] --- longitudinal driving mode: velocity_keeping (reactive_planner.py:686)
INFO     [2026-09-29 22:20:40] --- desired velocity: 20.0 m/s (reactive_planner.py:687)
INFO     [2026-09-29 22:20:40] --- desired longitudinal position: None m (reactive_planner.py:688)
INFO     [2026-09-29 22:20:40] --- ==== Sampling Settings ==== (reactive_planner.py:689)
INFO     [2026-09-29 22:20:40] --- sampling mode: 1 (reactive_planner.py:690)
INFO     [2026-09-29 22:20:40] --- ===== Sampling trajectories ... ===== (reactive_planner.py:536)
INFO     [2026-09-29 22:20:40] --- Sampling density 2 of 4 (reactive_planner.py:537)
INFO     [2026-09-29 22:20:40] --- Number of trajectory samples: 120 (reactive_planner.py:546)
INFO     [2026-09-29 22:20:40] --- ===== Checking trajectories ... ===== (reactive_planner.py:1168)
INFO     [2026-09-29 22:20:40] --- Kinematic checks took:  	0.0259295s (reactive_planner.py:1214)
INFO     [2026-09-29 22:20:40] --- Sort trajectories took:  	0.0006340s (reactive_planner.py:1231)
INFO     [2026-09-29 22:20:40] --- Collision checks took:  	0.2730496s (reactive_planner.py:1118)
INFO     [2026-09-29 22:20:40] --- ===== Planning result ===== (reactive_planner.py:711)
INFO     [2026-09-29 22:20:40] --- Total checking time: 	0.0777647 (reactive_planner.py:713)
INFO     [2026-09-29 22:20:40] --- Type conversion time: 	0.0020208 (reactive_planner.py:714)
INFO     [2026-09-29 22:20:40] --- Rejected 81 infeasible trajectories due to kinematics (reactive_planner.py:715)
INFO     [2026-09-29 22:20:40] --- Rejected 21 infeasible trajectories due to collisions (reactive_planner.py:718)
INFO     [2026-09-29 22:20:40] --- Total planning time: 	0.0793177 (reactive_planner.py:745)
INFO     [2026-09-29 22:20:40] --- Sampled interval of velocity: 17.08516757854273 m/s - 22.08516757854273 m/s (reactive_planner.py:378)
INFO     [2026-09-29 22:20:40] --- =============================================================== (reactive_planner.py:674)
INFO     [2026-09-29 22:20:40] --- =================== Starting Planning Cycle =================== (reactive_planner.py:675)
INFO     [2026-09-29 22:20:40] --- ==== Initial state Cartesian ==== (reactive_planner.py:676)
INFO     [2026-09-29 22:20:40] --- time_step=9 (reactive_planner.py:677)
INFO     [2026-09-29 22:20:40] --- position=[46.41153138  1.03063961], steering_angle=-0.0015305517759262926, velocity=19.96016757854273 (reactive_planner.py:678)
INFO     [2026-09-29 22:20:40] --- orientation=0.18837110461646367, acceleration=-0.417558556659105, yaw_rate=0.010748514616108484 (reactive_planner.py:680)
INFO     [2026-09-29 22:20:40] --- ==== Initial state Curvilinear ==== (reactive_planner.py:682)
INFO     [2026-09-29 22:20:40] --- longitudinal state = (np.float64(47.05955235156954), np.float64(19.829677655567973), np.float64(-0.22658421400350925)) (reactive_planner.py:683)
INFO     [2026-09-29 22:20:40] --- lateral state = (np.float64(1.4433777281100653), np.float64(2.6204262134336123), np.float64(-0.8586745377691445)) (reactive_planner.py:684)
INFO     [2026-09-29 22:20:40] --- ==== Target states ==== (reactive_planner.py:685)
INFO     [2026-09-29 22:20:40] --- longitudinal driving mode: velocity_keeping (reactive_planner.py:686)
INFO     [2026-09-29 22:20:40] --- desired velocity: 20.0 m/s (reactive_planner.py:687)
INFO     [2026-09-29 22:20:40] --- desired longitudinal position: None m (reactive_planner.py:688)
INFO     [2026-09-29 22:20:40] --- ==== Sampling Settings ==== (reactive_planner.py:689)
INFO     [2026-09-29 22:20:40] --- sampling mode: 1 (reactive_planner.py:690)
INFO     [2026-09-29 22:20:40] --- ===== Sampling trajectories ... ===== (reactive_planner.py:536)
INFO     [2026-09-29 22:20:40] --- Sampling density 2 of 4 (reactive_planner.py:537)
INFO     [2026-09-29 22:20:40] --- Number of trajectory samples: 120 (reactive_planner.py:546)
INFO     [2026-09-29 22:20:40] --- ===== Checking trajectories ... ===== (reactive_planner.py:1168)
INFO     [2026-09-29 22:20:40] --- Kinematic checks took:  	0.0249986s (reactive_planner.py:1214)
INFO     [2026-09-29 22:20:40] --- Sort trajectories took:  	0.0006079s (reactive_planner.py:1231)
INFO     [2026-09-29 22:20:40] --- Collision checks took:  	0.3074374s (reactive_planner.py:1118)
INFO     [2026-09-29 22:20:40] --- ===== Planning result ===== (reactive_planner.py:711)
INFO     [2026-09-29 22:20:40] --- Total checking time: 	0.0623737 (reactive_planner.py:713)
INFO     [2026-09-29 22:20:40] --- Type conversion time: 	0.0022915 (reactive_planner.py:714)
INFO     [2026-09-29 22:20:40] --- Rejected 81 infeasible trajectories due to kinematics (reactive_planner.py:715)
INFO     [2026-09-29 22:20:40] --- Rejected 21 infeasible trajectories due to collisions (reactive_planner.py:718)
INFO     [2026-09-29 22:20:40] --- Total planning time: 	0.0639041 (reactive_planner.py:745)
INFO     [2026-09-29 22:20:40] --- Sampled interval of velocity: 16.93022340852144 m/s - 21.93022340852144 m/s (reactive_planner.py:378)
INFO     [2026-09-29 22:20:40] --- =============================================================== (reactive_planner.py:674)
INFO     [2026-09-29 22:20:40] --- =================== Starting Planning Cycle =================== (reactive_planner.py:675)
INFO     [2026-09-29 22:20:40] --- ==== Initial state Cartesian ==== (reactive_planner.py:676)
INFO     [2026-09-29 22:20:40] --- time_step=12 (reactive_planner.py:677)
INFO     [2026-09-29 22:20:40] --- position=[52.2803138   2.10265551], steering_angle=-0.012797870538177932, velocity=19.80522340852144 (reactive_planner.py:678)
INFO     [2026-09-29 22:20:40] --- orientation=0.16952544338050318, acceleration=-0.5483005999061019, yaw_rate=-0.08959101537046071 (reactive_planner.py:680)
INFO     [2026-09-29 22:20:40] --- ==== Initial state Curvilinear ==== (reactive_planner.py:682)
INFO     [2026-09-29 22:20:40] --- longitudinal state = (np.float64(52.99841692993733), np.float64(19.763420753163512), np.float64(-0.21322648841162103)) (reactive_planner.py:683)
INFO     [2026-09-29 22:20:40] --- lateral state = (np.float64(2.1578102002740227), np.float64(2.0567892650166444), np.float64(-2.5826147217066335)) (reactive_planner.py:684)
INFO     [2026-09-29 22:20:40] --- ==== Target states ==== (reactive_planner.py:685)
INFO     [2026-09-29 22:20:40] --- longitudinal driving mode: velocity_keeping (reactive_planner.py:686)
INFO     [2026-09-29 22:20:40] --- desired velocity: 20.0 m/s (reactive_planner.py:687)
INFO     [2026-09-29 22:20:40] --- desired longitudinal position: None m (reactive_planner.py:688)
INFO     [2026-09-29 22:20:40] --- ==== Sampling Settings ==== (reactive_planner.py:689)
INFO     [2026-09-29 22:20:40] --- sampling mode: 1 (reactive_planner.py:690)
INFO     [2026-09-29 22:20:40] --- ===== Sampling trajectories ... ===== (reactive_planner.py:536)
INFO     [2026-09-29 22:20:40] --- Sampling density 2 of 4 (reactive_planner.py:537)
INFO     [2026-09-29 22:20:40] --- Number of trajectory samples: 120 (reactive_planner.py:546)
INFO     [2026-09-29 22:20:40] --- ===== Checking trajectories ... ===== (reactive_planner.py:1168)
INFO     [2026-09-29 22:20:40] --- Kinematic checks took:  	0.0240322s (reactive_planner.py:1214)
INFO     [2026-09-29 22:20:40] --- Sort trajectories took:  	0.0006601s (reactive_planner.py:1231)
INFO     [2026-09-29 22:20:40] --- Collision checks took:  	0.3293858s (reactive_planner.py:1118)
INFO     [2026-09-29 22:20:40] --- ===== Planning result ===== (reactive_planner.py:711)
INFO     [2026-09-29 22:20:40] --- Total checking time: 	0.0479468 (reactive_planner.py:713)
INFO     [2026-09-29 22:20:40] --- Type conversion time: 	0.0024720 (reactive_planner.py:714)
INFO     [2026-09-29 22:20:40] --- Rejected 77 infeasible trajectories due to kinematics (reactive_planner.py:715)
INFO     [2026-09-29 22:20:40] --- Rejected 22 infeasible trajectories due to collisions (reactive_planner.py:718)
INFO     [2026-09-29 22:20:40] --- Total planning time: 	0.0495793 (reactive_planner.py:745)
INFO     [2026-09-29 22:20:40] --- Sampled interval of velocity: 16.877547681492874 m/s - 21.877547681492874 m/s (reactive_planner.py:378)
INFO     [2026-09-29 22:20:40] --- =============================================================== (reactive_planner.py:674)
INFO     [2026-09-29 22:20:40] --- =================== Starting Planning Cycle =================== (reactive_planner.py:675)
INFO     [2026-09-29 22:20:40] --- ==== Initial state Cartesian ==== (reactive_planner.py:676)
INFO     [2026-09-29 22:20:40] --- time_step=15 (reactive_planner.py:677)
INFO     [2026-09-29 22:20:40] --- position=[58.13870723  3.00947515], steering_angle=-0.013294182489155332, velocity=19.752547681492874 (reactive_planner.py:678)
INFO     [2026-09-29 22:20:40] --- orientation=0.13837109707576922, acceleration=0.1705397796890465, yaw_rate=-0.1038727168212139 (reactive_planner.py:680)
INFO     [2026-09-29 22:20:40] --- ==== Initial state Curvilinear ==== (reactive_planner.py:682)
INFO     [2026-09-29 22:20:40] --- longitudinal state = (np.float64(58.92776577397656), np.float64(19.79561368571057), np.float64(0.3876164171720432)) (reactive_planner.py:683)
INFO     [2026-09-29 22:20:40] --- lateral state = (np.float64(2.654872869690485), np.float64(1.2558913961867044), np.float64(-2.6105070521618767)) (reactive_planner.py:684)
INFO     [2026-09-29 22:20:40] --- ==== Target states ==== (reactive_planner.py:685)
INFO     [2026-09-29 22:20:40] --- longitudinal driving mode: velocity_keeping (reactive_planner.py:686)
INFO     [2026-09-29 22:20:40] --- desired velocity: 20.0 m/s (reactive_planner.py:687)
INFO     [2026-09-29 22:20:40] --- desired longitudinal position: None m (reactive_planner.py:688)
INFO     [2026-09-29 22:20:40] --- ==== Sampling Settings ==== (reactive_planner.py:689)
INFO     [2026-09-29 22:20:40] --- sampling mode: 1 (reactive_planner.py:690)
INFO     [2026-09-29 22:20:40] --- ===== Sampling trajectories ... ===== (reactive_planner.py:536)
INFO     [2026-09-29 22:20:40] --- Sampling density 2 of 4 (reactive_planner.py:537)
INFO     [2026-09-29 22:20:40] --- Number of trajectory samples: 120 (reactive_planner.py:546)
INFO     [2026-09-29 22:20:40] --- ===== Checking trajectories ... ===== (reactive_planner.py:1168)
INFO     [2026-09-29 22:20:40] --- Kinematic checks took:  	0.0219948s (reactive_planner.py:1214)
INFO     [2026-09-29 22:20:40] --- Sort trajectories took:  	0.0007195s (reactive_planner.py:1231)
INFO     [2026-09-29 22:20:40] --- Collision checks took:  	0.3353200s (reactive_planner.py:1118)
INFO     [2026-09-29 22:20:40] --- ===== Planning result ===== (reactive_planner.py:711)
INFO     [2026-09-29 22:20:40] --- Total checking time: 	0.0295187 (reactive_planner.py:713)
INFO     [2026-09-29 22:20:40] --- Type conversion time: 	0.0025278 (reactive_planner.py:714)
INFO     [2026-09-29 22:20:40] --- Rejected 72 infeasible trajectories due to kinematics (reactive_planner.py:715)
INFO     [2026-09-29 22:20:40] --- Rejected 0 infeasible trajectories due to collisions (reactive_planner.py:718)
INFO     [2026-09-29 22:20:40] --- Total planning time: 	0.0310610 (reactive_planner.py:745)
INFO     [2026-09-29 22:20:40] --- Sampled interval of velocity: 16.881366372655464 m/s - 21.881366372655464 m/s (reactive_planner.py:378)
INFO     [2026-09-29 22:20:40] --- =============================================================== (reactive_planner.py:674)
INFO     [2026-09-29 22:20:40] --- =================== Starting Planning Cycle =================== (reactive_planner.py:675)
INFO     [2026-09-29 22:20:40] --- ==== Initial state Cartesian ==== (reactive_planner.py:676)
INFO     [2026-09-29 22:20:40] --- time_step=18 (reactive_planner.py:677)
INFO     [2026-09-29 22:20:40] --- position=[64.03140423  3.62245889], steering_angle=-0.046577060273307824, velocity=19.756366372655464 (reactive_planner.py:678)
INFO     [2026-09-29 22:20:40] --- orientation=0.057780498507442365, acceleration=0.1485591969115222, yaw_rate=-0.34307847920147155 (reactive_planner.py:680)
INFO     [2026-09-29 22:20:40] --- ==== Initial state Curvilinear ==== (reactive_planner.py:682)
INFO     [2026-09-29 22:20:40] --- longitudinal state = (np.float64(64.87649886743831), np.float64(19.84001519983575), np.float64(-0.06421833346896445)) (reactive_planner.py:683)
INFO     [2026-09-29 22:20:40] --- lateral state = (np.float64(2.8010915742224913), np.float64(-0.5318293736571337), np.float64(-7.695689251828644)) (reactive_planner.py:684)
INFO     [2026-09-29 22:20:40] --- ==== Target states ==== (reactive_planner.py:685)
INFO     [2026-09-29 22:20:40] --- longitudinal driving mode: velocity_keeping (reactive_planner.py:686)
INFO     [2026-09-29 22:20:40] --- desired velocity: 20.0 m/s (reactive_planner.py:687)
INFO     [2026-09-29 22:20:40] --- desired longitudinal position: None m (reactive_planner.py:688)
INFO     [2026-09-29 22:20:40] --- ==== Sampling Settings ==== (reactive_planner.py:689)
INFO     [2026-09-29 22:20:40] --- sampling mode: 1 (reactive_planner.py:690)
INFO     [2026-09-29 22:20:40] --- ===== Sampling trajectories ... ===== (reactive_planner.py:536)
INFO     [2026-09-29 22:20:40] --- Sampling density 2 of 4 (reactive_planner.py:537)
INFO     [2026-09-29 22:20:40] --- Number of trajectory samples: 120 (reactive_planner.py:546)
INFO     [2026-09-29 22:20:40] --- ===== Checking trajectories ... ===== (reactive_planner.py:1168)
INFO     [2026-09-29 22:20:40] --- Kinematic checks took:  	0.0275953s (reactive_planner.py:1214)
INFO     [2026-09-29 22:20:40] --- Sort trajectories took:  	0.0006447s (reactive_planner.py:1231)
INFO     [2026-09-29 22:20:40] --- Collision checks took:  	0.3412493s (reactive_planner.py:1118)
INFO     [2026-09-29 22:20:40] --- ===== Planning result ===== (reactive_planner.py:711)
INFO     [2026-09-29 22:20:40] --- Total checking time: 	0.0350883 (reactive_planner.py:713)
INFO     [2026-09-29 22:20:40] --- Type conversion time: 	0.0025954 (reactive_planner.py:714)
INFO     [2026-09-29 22:20:40] --- Rejected 77 infeasible trajectories due to kinematics (reactive_planner.py:715)
INFO     [2026-09-29 22:20:40] --- Rejected 0 infeasible trajectories due to collisions (reactive_planner.py:718)
INFO     [2026-09-29 22:20:40] --- Total planning time: 	0.0366472 (reactive_planner.py:745)
INFO     [2026-09-29 22:20:40] --- Sampled interval of velocity: 16.960977436034522 m/s - 21.960977436034522 m/s (reactive_planner.py:378)
INFO     [2026-09-29 22:20:40] --- =============================================================== (reactive_planner.py:674)
INFO     [2026-09-29 22:20:40] --- =================== Starting Planning Cycle =================== (reactive_planner.py:675)
INFO     [2026-09-29 22:20:40] --- ==== Initial state Cartesian ==== (reactive_planner.py:676)
INFO     [2026-09-29 22:20:40] --- time_step=21 (reactive_planner.py:677)
INFO     [2026-09-29 22:20:40] --- position=[69.96796397  3.70277124], steering_angle=-0.0197369536315449, velocity=19.835977436034522 (reactive_planner.py:678)
INFO     [2026-09-29 22:20:40] --- orientation=-0.018144147588877488, acceleration=0.22124945950571034, yaw_rate=-0.18493083277789785 (reactive_planner.py:680)
INFO     [2026-09-29 22:20:40] --- ==== Initial state Curvilinear ==== (reactive_planner.py:682)
INFO     [2026-09-29 22:20:40] --- longitudinal state = (np.float64(70.8223416937073), np.float64(19.789140902839296), np.float64(-0.2601397824993347)) (reactive_planner.py:683)
INFO     [2026-09-29 22:20:40] --- lateral state = (np.float64(2.3553204225583517), np.float64(-2.238493408010627), np.float64(-3.677301851251725)) (reactive_planner.py:684)
INFO     [2026-09-29 22:20:40] --- ==== Target states ==== (reactive_planner.py:685)
INFO     [2026-09-29 22:20:40] --- longitudinal driving mode: velocity_keeping (reactive_planner.py:686)
INFO     [2026-09-29 22:20:40] --- desired velocity: 20.0 m/s (reactive_planner.py:687)
INFO     [2026-09-29 22:20:40] --- desired longitudinal position: None m (reactive_planner.py:688)
INFO     [2026-09-29 22:20:40] --- ==== Sampling Settings ==== (reactive_planner.py:689)
INFO     [2026-09-29 22:20:40] --- sampling mode: 1 (reactive_planner.py:690)
INFO     [2026-09-29 22:20:40] --- ===== Sampling trajectories ... ===== (reactive_planner.py:536)
INFO     [2026-09-29 22:20:40] --- Sampling density 2 of 4 (reactive_planner.py:537)
INFO     [2026-09-29 22:20:40] --- Number of trajectory samples: 120 (reactive_planner.py:546)
INFO     [2026-09-29 22:20:40] --- ===== Checking trajectories ... ===== (reactive_planner.py:1168)
INFO     [2026-09-29 22:20:40] --- Kinematic checks took:  	0.0256255s (reactive_planner.py:1214)
INFO     [2026-09-29 22:20:40] --- Sort trajectories took:  	0.0006423s (reactive_planner.py:1231)
INFO     [2026-09-29 22:20:40] --- Collision checks took:  	0.3472678s (reactive_planner.py:1118)
INFO     [2026-09-29 22:20:40] --- ===== Planning result ===== (reactive_planner.py:711)
INFO     [2026-09-29 22:20:40] --- Total checking time: 	0.0331993 (reactive_planner.py:713)
INFO     [2026-09-29 22:20:40] --- Type conversion time: 	0.0026512 (reactive_planner.py:714)
INFO     [2026-09-29 22:20:40] --- Rejected 75 infeasible trajectories due to kinematics (reactive_planner.py:715)
INFO     [2026-09-29 22:20:40] --- Rejected 0 infeasible trajectories due to collisions (reactive_planner.py:718)
INFO     [2026-09-29 22:20:40] --- Total planning time: 	0.0347677 (reactive_planner.py:745)
INFO     [2026-09-29 22:20:40] --- Sampled interval of velocity: 16.95487234735033 m/s - 21.95487234735033 m/s (reactive_planner.py:378)
INFO     [2026-09-29 22:20:40] --- =============================================================== (reactive_planner.py:674)
INFO     [2026-09-29 22:20:40] --- =================== Starting Planning Cycle =================== (reactive_planner.py:675)
INFO     [2026-09-29 22:20:40] --- ==== Initial state Cartesian ==== (reactive_planner.py:676)
INFO     [2026-09-29 22:20:40] --- time_step=24 (reactive_planner.py:677)
INFO     [2026-09-29 22:20:40] --- position=[75.91915745  3.5248224 ], steering_angle=0.008022221939129137, velocity=19.82987234735033 (reactive_planner.py:678)
INFO     [2026-09-29 22:20:40] --- orientation=-0.028470029199468602, acceleration=-0.25724035237048143, yaw_rate=0.03379850249196181 (reactive_planner.py:680)
INFO     [2026-09-29 22:20:40] --- ==== Initial state Curvilinear ==== (reactive_planner.py:682)
INFO     [2026-09-29 22:20:40] --- longitudinal state = (np.float64(76.74715445008418), np.float64(19.709160864035656), np.float64(-0.2691386285826918)) (reactive_planner.py:683)
INFO     [2026-09-29 22:20:40] --- lateral state = (np.float64(1.5916636553520147), np.float64(-2.640758352412419), np.float64(0.5684463091872308)) (reactive_planner.py:684)
INFO     [2026-09-29 22:20:40] --- ==== Target states ==== (reactive_planner.py:685)
INFO     [2026-09-29 22:20:40] --- longitudinal driving mode: velocity_keeping (reactive_planner.py:686)
INFO     [2026-09-29 22:20:40] --- desired velocity: 20.0 m/s (reactive_planner.py:687)
INFO     [2026-09-29 22:20:40] --- desired longitudinal position: None m (reactive_planner.py:688)
INFO     [2026-09-29 22:20:40] --- ==== Sampling Settings ==== (reactive_planner.py:689)
INFO     [2026-09-29 22:20:40] --- sampling mode: 1 (reactive_planner.py:690)
INFO     [2026-09-29 22:20:40] --- ===== Sampling trajectories ... ===== (reactive_planner.py:536)
INFO     [2026-09-29 22:20:40] --- Sampling density 2 of 4 (reactive_planner.py:537)
INFO     [2026-09-29 22:20:40] --- Number of trajectory samples: 120 (reactive_planner.py:546)
INFO     [2026-09-29 22:20:40] --- ===== Checking trajectories ... ===== (reactive_planner.py:1168)
INFO     [2026-09-29 22:20:40] --- Kinematic checks took:  	0.0266668s (reactive_planner.py:1214)
INFO     [2026-09-29 22:20:40] --- Sort trajectories took:  	0.0007278s (reactive_planner.py:1231)
INFO     [2026-09-29 22:20:40] --- Collision checks took:  	0.3530381s (reactive_planner.py:1118)
INFO     [2026-09-29 22:20:40] --- ===== Planning result ===== (reactive_planner.py:711)
INFO     [2026-09-29 22:20:40] --- Total checking time: 	0.0339639 (reactive_planner.py:713)
INFO     [2026-09-29 22:20:40] --- Type conversion time: 	0.0027082 (reactive_planner.py:714)
INFO     [2026-09-29 22:20:40] --- Rejected 70 infeasible trajectories due to kinematics (reactive_planner.py:715)
INFO     [2026-09-29 22:20:40] --- Rejected 0 infeasible trajectories due to collisions (reactive_planner.py:718)
INFO     [2026-09-29 22:20:40] --- Total planning time: 	0.0355264 (reactive_planner.py:745)
INFO     [2026-09-29 22:20:40] --- Goal of planning problem reached (reactive_planner.py:226)
