INFO     [2026-09-29 22:18:24] --- Route and initial reference path planned (utils_coordinate_system.py:92)
INFO     [2026-09-29 22:18:24] --- Coordinate System: Pre-process reference path is set to True. (utils_coordinate_system.py:61)
INFO     [2026-09-29 22:18:24] --- Coordinate System initialized (utils_coordinate_system.py:62)
INFO     [2026-09-29 22:18:24] --- Sampled interval of velocity: 17.125 m/s - 22.125 m/s (reactive_planner.py:378)
INFO     [2026-09-29 22:18:24] --- =============================================================== (reactive_planner.py:674)
INFO     [2026-09-29 22:18:24] --- =================== Starting Planning Cycle =================== (reactive_planner.py:675)
INFO     [2026-09-29 22:18:24] --- ==== Initial state Cartesian ==== (reactive_planner.py:676)
INFO     [2026-09-29 22:18:24] --- time_step=0 (reactive_planner.py:677)
INFO     [2026-09-29 22:18:24] --- position=[28.57295174 -1.19981384], steering_angle=0.0, velocity=20.0 (reactive_planner.py:678)
INFO     [2026-09-29 22:18:24] --- orientation=0.03495, acceleration=0.0, yaw_rate=0.0 (reactive_planner.py:680)
INFO     [2026-09-29 22:18:24] --- ==== Initial state Curvilinear ==== (reactive_planner.py:682)
INFO     [2026-09-29 22:18:24] --- longitudinal state = [np.float64(29.12203784672174), np.float64(19.9998432933459), np.float64(0.0024342240471291847)] (reactive_planner.py:683)
INFO     [2026-09-29 22:18:24] --- lateral state = [np.float64(-0.0038813875970101067), 0.04825667275513659, np.float64(-0.507491811007755)] (reactive_planner.py:684)
INFO     [2026-09-29 22:18:24] --- ==== Target states ==== (reactive_planner.py:685)
INFO     [2026-09-29 22:18:24] --- longitudinal driving mode: velocity_keeping (reactive_planner.py:686)
INFO     [2026-09-29 22:18:24] --- desired velocity: 20.0 m/s (reactive_planner.py:687)
INFO     [2026-09-29 22:18:24] --- desired longitudinal position: None m (reactive_planner.py:688)
INFO     [2026-09-29 22:18:24] --- ==== Sampling Settings ==== (reactive_planner.py:689)
INFO     [2026-09-29 22:18:24] --- sampling mode: 1 (reactive_planner.py:690)
INFO     [2026-09-29 22:18:24] --- ===== Sampling trajectories ... ===== (reactive_planner.py:536)
INFO     [2026-09-29 22:18:24] --- Sampling density 2 of 4 (reactive_planner.py:537)
INFO     [2026-09-29 22:18:24] --- Number of trajectory samples: 120 (reactive_planner.py:546)
INFO     [2026-09-29 22:18:24] --- ===== Checking trajectories ... ===== (reactive_planner.py:1168)
INFO     [2026-09-29 22:18:24] --- Kinematic checks took:  	0.0266262s (reactive_planner.py:1214)
INFO     [2026-09-29 22:18:24] --- Sort trajectories took:  	0.0009890s (reactive_planner.py:1231)
INFO     [2026-09-29 22:18:24] --- Collision checks took:  	0.1467695s (reactive_planner.py:1118)
INFO     [2026-09-29 22:18:24] --- ===== Planning result ===== (reactive_planner.py:711)
INFO     [2026-09-29 22:18:24] --- Total checking time: 	0.1782672 (reactive_planner.py:713)
INFO     [2026-09-29 22:18:24] --- Type conversion time: 	0.0011564 (reactive_planner.py:714)
INFO     [2026-09-29 22:18:24] --- Rejected 56 infeasible trajectories due to kinematics (reactive_planner.py:715)
INFO     [2026-09-29 22:18:24] --- Rejected 41 infeasible trajectories due to collisions (reactive_planner.py:718)
INFO     [2026-09-29 22:18:24] --- Total planning time: 	0.1798486 (reactive_planner.py:745)
INFO     [2026-09-29 22:18:24] --- Sampled interval of velocity: 17.121022298736367 m/s - 22.121022298736367 m/s (reactive_planner.py:378)
INFO     [2026-09-29 22:18:24] --- =============================================================== (reactive_planner.py:674)
INFO     [2026-09-29 22:18:24] --- =================== Starting Planning Cycle =================== (reactive_planner.py:675)
INFO     [2026-09-29 22:18:24] --- ==== Initial state Cartesian ==== (reactive_planner.py:676)
INFO     [2026-09-29 22:18:24] --- time_step=3 (reactive_planner.py:677)
INFO     [2026-09-29 22:18:24] --- position=[34.56105503 -0.86141365], steering_angle=0.04083641096031632, velocity=19.996022298736367 (reactive_planner.py:678)
INFO     [2026-09-29 22:18:24] --- orientation=0.09492116397470018, acceleration=0.09610690357243154, yaw_rate=0.29499384015500424 (reactive_planner.py:680)
INFO     [2026-09-29 22:18:24] --- ==== Initial state Curvilinear ==== (reactive_planner.py:682)
INFO     [2026-09-29 22:18:24] --- longitudinal state = (np.float64(35.11888330980759), np.float64(19.969438594903487), np.float64(-0.19132308907916457)) (reactive_planner.py:683)
INFO     [2026-09-29 22:18:24] --- lateral state = (np.float64(0.1201983934780537), np.float64(1.090877069040287), np.float64(5.801611365505099)) (reactive_planner.py:684)
INFO     [2026-09-29 22:18:24] --- ==== Target states ==== (reactive_planner.py:685)
INFO     [2026-09-29 22:18:24] --- longitudinal driving mode: velocity_keeping (reactive_planner.py:686)
INFO     [2026-09-29 22:18:24] --- desired velocity: 20.0 m/s (reactive_planner.py:687)
INFO     [2026-09-29 22:18:24] --- desired longitudinal position: None m (reactive_planner.py:688)
INFO     [2026-09-29 22:18:24] --- ==== Sampling Settings ==== (reactive_planner.py:689)
INFO     [2026-09-29 22:18:24] --- sampling mode: 1 (reactive_planner.py:690)
INFO     [2026-09-29 22:18:24] --- ===== Sampling trajectories ... ===== (reactive_planner.py:536)
INFO     [2026-09-29 22:18:24] --- Sampling density 2 of 4 (reactive_planner.py:537)
INFO     [2026-09-29 22:18:24] --- Number of trajectory samples: 120 (reactive_planner.py:546)
INFO     [2026-09-29 22:18:24] --- ===== Checking trajectories ... ===== (reactive_planner.py:1168)
INFO     [2026-09-29 22:18:25] --- Kinematic checks took:  	0.0270382s (reactive_planner.py:1214)
INFO     [2026-09-29 22:18:25] --- Sort trajectories took:  	0.0006625s (reactive_planner.py:1231)
INFO     [2026-09-29 22:18:25] --- Collision checks took:  	0.2353213s (reactive_planner.py:1118)
INFO     [2026-09-29 22:18:25] --- ===== Planning result ===== (reactive_planner.py:711)
INFO     [2026-09-29 22:18:25] --- Total checking time: 	0.1189441 (reactive_planner.py:713)
INFO     [2026-09-29 22:18:25] --- Type conversion time: 	0.0018249 (reactive_planner.py:714)
INFO     [2026-09-29 22:18:25] --- Rejected 77 infeasible trajectories due to kinematics (reactive_planner.py:715)
INFO     [2026-09-29 22:18:25] --- Rejected 27 infeasible trajectories due to collisions (reactive_planner.py:718)
INFO     [2026-09-29 22:18:25] --- Total planning time: 	0.1207132 (reactive_planner.py:745)
INFO     [2026-09-29 22:18:25] --- Sampled interval of velocity: 17.151088968831935 m/s - 22.151088968831935 m/s (reactive_planner.py:378)
INFO     [2026-09-29 22:18:25] --- =============================================================== (reactive_planner.py:674)
INFO     [2026-09-29 22:18:25] --- =================== Starting Planning Cycle =================== (reactive_planner.py:675)
INFO     [2026-09-29 22:18:25] --- ==== Initial state Cartesian ==== (reactive_planner.py:676)
INFO     [2026-09-29 22:18:25] --- time_step=6 (reactive_planner.py:677)
INFO     [2026-09-29 22:18:25] --- position=[40.50946989 -0.05603965], steering_angle=0.021504752102489474, velocity=20.026088968831935 (reactive_planner.py:678)
INFO     [2026-09-29 22:18:25] --- orientation=0.1679303294206706, acceleration=0.011370720599759965, yaw_rate=0.19267332118916292 (reactive_planner.py:680)
INFO     [2026-09-29 22:18:25] --- ==== Initial state Curvilinear ==== (reactive_planner.py:682)
INFO     [2026-09-29 22:18:25] --- longitudinal state = (np.float64(41.10002917898006), np.float64(19.90179048584767), np.float64(-0.25285736371827205)) (reactive_planner.py:683)
INFO     [2026-09-29 22:18:25] --- lateral state = (np.float64(0.6648887870065222), np.float64(2.3883291588385926), np.float64(2.7730224124015828)) (reactive_planner.py:684)
INFO     [2026-09-29 22:18:25] --- ==== Target states ==== (reactive_planner.py:685)
INFO     [2026-09-29 22:18:25] --- longitudinal driving mode: velocity_keeping (reactive_planner.py:686)
INFO     [2026-09-29 22:18:25] --- desired velocity: 20.0 m/s (reactive_planner.py:687)
INFO     [2026-09-29 22:18:25] --- desired longitudinal position: None m (reactive_planner.py:688)
INFO     [2026-09-29 22:18:25] --- ==== Sampling Settings ==== (reactive_planner.py:689)
INFO     [2026-09-29 22:18:25] --- sampling mode: 1 (reactive_planner.py:690)
INFO     [2026-09-29 22:18:25] --- ===== Sampling trajectories ... ===== (reactive_planner.py:536)
INFO     [2026-09-29 22:18:25] --- Sampling density 2 of 4 (reactive_planner.py:537)
INFO     [2026-09-29 22:18:25] --- Number of trajectory samples: 120 (reactive_planner.py:546)
INFO     [2026-09-29 22:18:25] --- ===== Checking trajectories ... ===== (reactive_planner.py:1168)
INFO     [2026-09-29 22:18:25] --- Kinematic checks took:  	0.0224671s (reactive_planner.py:1214)
INFO     [2026-09-29 22:18:25] --- Sort trajectories took:  	0.0005936s (reactive_planner.py:1231)
INFO     [2026-09-29 22:18:25] --- Collision checks took:  	0.2876773s (reactive_planner.py:1118)
INFO     [2026-09-29 22:18:25] --- ===== Planning result ===== (reactive_planner.py:711)
INFO     [2026-09-29 22:18:25] --- Total checking time: 	0.0773901 (reactive_planner.py:713)
INFO     [2026-09-29 22:18:25] --- Type conversion time: 	0.0022499 (reactive_planner.py:714)
INFO     [2026-09-29 22:18:25] --- Rejected 81 infeasible trajectories due to kinematics (reactive_planner.py:715)
INFO     [2026-09-29 22:18:25] --- Rejected 21 infeasible trajectories due to collisions (reactive_planner.py:718)
INFO     [2026-09-29 22:18:25] --- Total planning time: 	0.0789431 (reactive_planner.py:745)
INFO     [2026-09-29 22:18:25] --- Sampled interval of velocity: 17.08516757854273 m/s - 22.08516757854273 m/s (reactive_planner.py:378)
INFO     [2026-09-29 22:18:25] --- =============================================================== (reactive_planner.py:674)
INFO     [2026-09-29 22:18:25] --- =================== Starting Planning Cycle =================== (reactive_planner.py:675)
INFO     [2026-09-29 22:18:25] --- ==== Initial state Cartesian ==== (reactive_planner.py:676)
INFO     [2026-09-29 22:18:25] --- time_step=9 (reactive_planner.py:677)
INFO     [2026-09-29 22:18:25] --- position=[46.41153138  1.03063961], steering_angle=-0.0015305517759262926, velocity=19.96016757854273 (reactive_planner.py:678)
INFO     [2026-09-29 22:18:25] --- orientation=0.18837110461646367, acceleration=-0.417558556659105, yaw_rate=0.010748514616108484 (reactive_planner.py:680)
INFO     [2026-09-29 22:18:25] --- ==== Initial state Curvilinear ==== (reactive_planner.py:682)
INFO     [2026-09-29 22:18:25] --- longitudinal state = (np.float64(47.05955235156954), np.float64(19.829677655567973), np.float64(-0.22658421400350925)) (reactive_planner.py:683)
INFO     [2026-09-29 22:18:25] --- lateral state = (np.float64(1.4433777281100653), np.float64(2.6204262134336123), np.float64(-0.8586745377691445)) (reactive_planner.py:684)
INFO     [2026-09-29 22:18:25] --- ==== Target states ==== (reactive_planner.py:685)
INFO     [2026-09-29 22:18:25] --- longitudinal driving mode: velocity_keeping (reactive_planner.py:686)
INFO     [2026-09-29 22:18:25] --- desired velocity: 20.0 m/s (reactive_planner.py:687)
INFO     [2026-09-29 22:18:25] --- desired longitudinal position: None m (reactive_planner.py:688)
INFO     [2026-09-29 22:18:25] --- ==== Sampling Settings ==== (reactive_planner.py:689)
INFO     [2026-09-29 22:18:25] --- sampling mode: 1 (reactive_planner.py:690)
INFO     [2026-09-29 22:18:25] --- ===== Sampling trajectories ... ===== (reactive_planner.py:536)
INFO     [2026-09-29 22:18:25] --- Sampling density 2 of 4 (reactive_planner.py:537)
INFO     [2026-09-29 22:18:25] --- Number of trajectory samples: 120 (reactive_planner.py:546)
INFO     [2026-09-29 22:18:25] --- ===== Checking trajectories ... ===== (reactive_planner.py:1168)
INFO     [2026-09-29 22:18:25] --- Kinematic checks took:  	0.0288025s (reactive_planner.py:1214)
INFO     [2026-09-29 22:18:25] --- Sort trajectories took:  	0.0005948s (reactive_planner.py:1231)
INFO     [2026-09-29 22:18:25] --- Collision checks took:  	0.3227250s (reactive_planner.py:1118)
INFO     [2026-09-29 22:18:25] --- ===== Planning result ===== (reactive_planner.py:711)
INFO     [2026-09-29 22:18:25] --- Total checking time: 	0.0660503 (reactive_planner.py:713)
INFO     [2026-09-29 22:18:25] --- Type conversion time: 	0.0025242 (reactive_planner.py:714)
INFO     [2026-09-29 22:18:25] --- Rejected 81 infeasible trajectories due to kinematics (reactive_planner.py:715)
INFO     [2026-09-29 22:18:25] --- Rejected 21 infeasible trajectories due to collisions (reactive_planner.py:718)
INFO     [2026-09-29 22:18:25] --- Total planning time: 	0.0677564 (reactive_planner.py:745)
INFO     [2026-09-29 22:18:25] --- Sampled interval of velocity: 16.93022340852144 m/s - 21.93022340852144 m/s (reactive_planner.py:378)
INFO     [2026-09-29 22:18:25] --- =============================================================== (reactive_planner.py:674)
INFO     [2026-09-29 22:18:25] --- =================== Starting Planning Cycle =================== (reactive_planner.py:675)
INFO     [2026-09-29 22:18:25] --- ==== Initial state Cartesian ==== (reactive_planner.py:676)
INFO     [2026-09-29 22:18:25] --- time_step=12 (reactive_planner.py:677)
INFO     [2026-09-29 22:18:25] --- position=[52.2803138   2.10265551], steering_angle=-0.012797870538177932, velocity=19.80522340852144 (reactive_planner.py:678)
INFO     [2026-09-29 22:18:25] --- orientation=0.16952544338050318, acceleration=-0.5483005999061019, yaw_rate=-0.08959101537046071 (reactive_planner.py:680)
INFO     [2026-09-29 22:18:25] --- ==== Initial state Curvilinear ==== (reactive_planner.py:682)
INFO     [2026-09-29 22:18:25] --- longitudinal state = (np.float64(52.99841692993733), np.float64(19.763420753163512), np.float64(-0.21322648841162103)) (reactive_planner.py:683)
INFO     [2026-09-29 22:18:25] --- lateral state = (np.float64(2.1578102002740227), np.float64(2.0567892650166444), np.float64(-2.5826147217066335)) (reactive_planner.py:684)
INFO     [2026-09-29 22:18:25] --- ==== Target states ==== (reactive_planner.py:685)
INFO     [2026-09-29 22:18:25] --- longitudinal driving mode: velocity_keeping (reactive_planner.py:686)
INFO     [2026-09-29 22:18:25] --- desired velocity: 20.0 m/s (reactive_planner.py:687)
INFO     [2026-09-29 22:18:25] --- desired longitudinal position: None m (reactive_planner.py:688)
INFO     [2026-09-29 22:18:25] --- ==== Sampling Settings ==== (reactive_planner.py:689)
INFO     [2026-09-29 22:18:25] --- sampling mode: 1 (reactive_planner.py:690)
INFO     [2026-09-29 22:18:25] --- ===== Sampling trajectories ... ===== (reactive_planner.py:536)
INFO     [2026-09-29 22:18:25] --- Sampling density 2 of 4 (reactive_planner.py:537)
INFO     [2026-09-29 22:18:25] --- Number of trajectory samples: 120 (reactive_planner.py:546)
INFO     [2026-09-29 22:18:25] --- ===== Checking trajectories ... ===== (reactive_planner.py:1168)
INFO     [2026-09-29 22:18:25] --- Kinematic checks took:  	0.0282813s (reactive_planner.py:1214)
INFO     [2026-09-29 22:18:25] --- Sort trajectories took:  	0.0006506s (reactive_planner.py:1231)
INFO     [2026-09-29 22:18:25] --- Collision checks took:  	0.3446697s (reactive_planner.py:1118)
INFO     [2026-09-29 22:18:25] --- ===== Planning result ===== (reactive_planner.py:711)
INFO     [2026-09-29 22:18:25] --- Total checking time: 	0.0521423 (reactive_planner.py:713)
INFO     [2026-09-29 22:18:25] --- Type conversion time: 	0.0026928 (reactive_planner.py:714)
INFO     [2026-09-29 22:18:25] --- Rejected 77 infeasible trajectories due to kinematics (reactive_planner.py:715)
INFO     [2026-09-29 22:18:25] --- Rejected 22 infeasible trajectories due to collisions (reactive_planner.py:718)
INFO     [2026-09-29 22:18:25] --- Total planning time: 	0.0537083 (reactive_planner.py:745)
INFO     [2026-09-29 22:18:25] --- Sampled interval of velocity: 16.877547681492874 m/s - 21.877547681492874 m/s (reactive_planner.py:378)
INFO     [2026-09-29 22:18:25] --- =============================================================== (reactive_planner.py:674)
INFO     [2026-09-29 22:18:25] --- =================== Starting Planning Cycle =================== (reactive_planner.py:675)
INFO     [2026-09-29 22:18:25] --- ==== Initial state Cartesian ==== (reactive_planner.py:676)
INFO     [2026-09-29 22:18:25] --- time_step=15 (reactive_planner.py:677)
INFO     [2026-09-29 22:18:25] --- position=[58.13870723  3.00947515], steering_angle=-0.013294182489155332, velocity=19.752547681492874 (reactive_planner.py:678)
INFO     [2026-09-29 22:18:25] --- orientation=0.13837109707576922, acceleration=0.1705397796890465, yaw_rate=-0.1038727168212139 (reactive_planner.py:680)
INFO     [2026-09-29 22:18:25] --- ==== Initial state Curvilinear ==== (reactive_planner.py:682)
INFO     [2026-09-29 22:18:25] --- longitudinal state = (np.float64(58.92776577397656), np.float64(19.79561368571057), np.float64(0.3876164171720432)) (reactive_planner.py:683)
INFO     [2026-09-29 22:18:25] --- lateral state = (np.float64(2.654872869690485), np.float64(1.2558913961867044), np.float64(-2.6105070521618767)) (reactive_planner.py:684)
INFO     [2026-09-29 22:18:25] --- ==== Target states ==== (reactive_planner.py:685)
INFO     [2026-09-29 22:18:25] --- longitudinal driving mode: velocity_keeping (reactive_planner.py:686)
INFO     [2026-09-29 22:18:25] --- desired velocity: 20.0 m/s (reactive_planner.py:687)
INFO     [2026-09-29 22:18:25] --- desired longitudinal position: None m (reactive_planner.py:688)
INFO     [2026-09-29 22:18:25] --- ==== Sampling Settings ==== (reactive_planner.py:689)
INFO     [2026-09-29 22:18:25] --- sampling mode: 1 (reactive_planner.py:690)
INFO     [2026-09-29 22:18:25] --- ===== Sampling trajectories ... ===== (reactive_planner.py:536)
INFO     [2026-09-29 22:18:25] --- Sampling density 2 of 4 (reactive_planner.py:537)
INFO     [2026-09-29 22:18:25] --- Number of trajectory samples: 120 (reactive_planner.py:546)
INFO     [2026-09-29 22:18:25] --- ===== Checking trajectories ... ===== (reactive_planner.py:1168)
INFO     [2026-09-29 22:18:25] --- Kinematic checks took:  	0.0310263s (reactive_planner.py:1214)
INFO     [2026-09-29 22:18:25] --- Sort trajectories took:  	0.0007266s (reactive_planner.py:1231)
INFO     [2026-09-29 22:18:25] --- Collision checks took:  	0.3507558s (reactive_planner.py:1118)
INFO     [2026-09-29 22:18:25] --- ===== Planning result ===== (reactive_planner.py:711)
INFO     [2026-09-29 22:18:25] --- Total checking time: 	0.0386844 (reactive_planner.py:713)
INFO     [2026-09-29 22:18:25] --- Type conversion time: 	0.0027510 (reactive_planner.py:714)
INFO     [2026-09-29 22:18:25] --- Rejected 72 infeasible trajectories due to kinematics (reactive_planner.py:715)
INFO     [2026-09-29 22:18:25] --- Rejected 0 infeasible trajectories due to collisions (reactive_planner.py:718)
INFO     [2026-09-29 22:18:25] --- Total planning time: 	0.0405995 (reactive_planner.py:745)
INFO     [2026-09-29 22:18:25] --- Sampled interval of velocity: 16.881366372655464 m/s - 21.881366372655464 m/s (reactive_planner.py:378)
INFO     [2026-09-29 22:18:25] --- =============================================================== (reactive_planner.py:674)
INFO     [2026-09-29 22:18:25] --- =================== Starting Planning Cycle =================== (reactive_planner.py:675)
INFO     [2026-09-29 22:18:25] --- ==== Initial state Cartesian ==== (reactive_planner.py:676)
INFO     [2026-09-29 22:18:25] --- time_step=18 (reactive_planner.py:677)
INFO     [2026-09-29 22:18:25] --- position=[64.03140423  3.62245889], steering_angle=-0.046577060273307824, velocity=19.756366372655464 (reactive_planner.py:678)
INFO     [2026-09-29 22:18:25] --- orientation=0.057780498507442365, acceleration=0.1485591969115222, yaw_rate=-0.34307847920147155 (reactive_planner.py:680)
INFO     [2026-09-29 22:18:25] --- ==== Initial state Curvilinear ==== (reactive_planner.py:682)
INFO     [2026-09-29 22:18:25] --- longitudinal state = (np.float64(64.87649886743831), np.float64(19.84001519983575), np.float64(-0.06421833346896445)) (reactive_planner.py:683)
INFO     [2026-09-29 22:18:25] --- lateral state = (np.float64(2.8010915742224913), np.float64(-0.5318293736571337), np.float64(-7.695689251828644)) (reactive_planner.py:684)
INFO     [2026-09-29 22:18:25] --- ==== Target states ==== (reactive_planner.py:685)
INFO     [2026-09-29 22:18:25] --- longitudinal driving mode: velocity_keeping (reactive_planner.py:686)
INFO     [2026-09-29 22:18:25] --- desired velocity: 20.0 m/s (reactive_planner.py:687)
INFO     [2026-09-29 22:18:25] --- desired longitudinal position: None m (reactive_planner.py:688)
INFO     [2026-09-29 22:18:25] --- ==== Sampling Settings ==== (reactive_planner.py:689)
INFO     [2026-09-29 22:18:25] --- sampling mode: 1 (reactive_planner.py:690)
INFO     [2026-09-29 22:18:25] --- ===== Sampling trajectories ... ===== (reactive_planner.py:536)
INFO     [2026-09-29 22:18:25] --- Sampling density 2 of 4 (reactive_planner.py:537)
INFO     [2026-09-29 22:18:25] --- Number of trajectory samples: 120 (reactive_planner.py:546)
INFO     [2026-09-29 22:18:25] --- ===== Checking trajectories ... ===== (reactive_planner.py:1168)
INFO     [2026-09-29 22:18:25] --- Kinematic checks took:  	0.0268281s (reactive_planner.py:1214)
INFO     [2026-09-29 22:18:25] --- Sort trajectories took:  	0.0007183s (reactive_planner.py:1231)
INFO     [2026-09-29 22:18:25] --- Collision checks took:  	0.3568525s (reactive_planner.py:1118)
INFO     [2026-09-29 22:18:25] --- ===== Planning result ===== (reactive_planner.py:711)
INFO     [2026-09-29 22:18:25] --- Total checking time: 	0.0345775 (reactive_planner.py:713)
INFO     [2026-09-29 22:18:25] --- Type conversion time: 	0.0028079 (reactive_planner.py:714)
INFO     [2026-09-29 22:18:25] --- Rejected 77 infeasible trajectories due to kinematics (reactive_planner.py:715)
INFO     [2026-09-29 22:18:25] --- Rejected 0 infeasible trajectories due to collisions (reactive_planner.py:718)
INFO     [2026-09-29 22:18:25] --- Total planning time: 	0.0365365 (reactive_planner.py:745)
INFO     [2026-09-29 22:18:25] --- Sampled interval of velocity: 16.960977436034522 m/s - 21.960977436034522 m/s (reactive_planner.py:378)
INFO     [2026-09-29 22:18:25] --- =============================================================== (reactive_planner.py:674)
INFO     [2026-09-29 22:18:25] --- =================== Starting Planning Cycle =================== (reactive_planner.py:675)
INFO     [2026-09-29 22:18:25] --- ==== Initial state Cartesian ==== (reactive_planner.py:676)
INFO     [2026-09-29 22:18:25] --- time_step=21 (reactive_planner.py:677)
INFO     [2026-09-29 22:18:25] --- position=[69.96796397  3.70277124], steering_angle=-0.0197369536315449, velocity=19.835977436034522 (reactive_planner.py:678)
INFO     [2026-09-29 22:18:25] --- orientation=-0.018144147588877488, acceleration=0.22124945950571034, yaw_rate=-0.18493083277789785 (reactive_planner.py:680)
INFO     [2026-09-29 22:18:25] --- ==== Initial state Curvilinear ==== (reactive_planner.py:682)
INFO     [2026-09-29 22:18:25] --- longitudinal state = (np.float64(70.8223416937073), np.float64(19.789140902839296), np.float64(-0.2601397824993347)) (reactive_planner.py:683)
INFO     [2026-09-29 22:18:25] --- lateral state = (np.float64(2.3553204225583517), np.float64(-2.238493408010627), np.float64(-3.677301851251725)) (reactive_planner.py:684)
INFO     [2026-09-29 22:18:25] --- ==== Target states ==== (reactive_planner.py:685)
INFO     [2026-09-29 22:18:25] --- longitudinal driving mode: velocity_keeping (reactive_planner.py:686)
INFO     [2026-09-29 22:18:25] --- desired velocity: 20.0 m/s (reactive_planner.py:687)
INFO     [2026-09-29 22:18:25] --- desired longitudinal position: None m (reactive_planner.py:688)
INFO     [2026-09-29 22:18:25] --- ==== Sampling Settings ==== (reactive_planner.py:689)
INFO     [2026-09-29 22:18:25] --- sampling mode: 1 (reactive_planner.py:690)
INFO     [2026-09-29 22:18:25] --- ===== Sampling trajectories ... ===== (reactive_planner.py:536)
INFO     [2026-09-29 22:18:25] --- Sampling density 2 of 4 (reactive_planner.py:537)
INFO     [2026-09-29 22:18:25] --- Number of trajectory samples: 120 (reactive_planner.py:546)
INFO     [2026-09-29 22:18:25] --- ===== Checking trajectories ... ===== (reactive_planner.py:1168)
INFO     [2026-09-29 22:18:25] --- Kinematic checks took:  	0.0260183s (reactive_planner.py:1214)
INFO     [2026-09-29 22:18:25] --- Sort trajectories took:  	0.0006886s (reactive_planner.py:1231)
INFO     [2026-09-29 22:18:25] --- Collision checks took:  	0.3629873s (reactive_planner.py:1118)
INFO     [2026-09-29 22:18:25] --- ===== Planning result ===== (reactive_planner.py:711)
INFO     [2026-09-29 22:18:25] --- Total checking time: 	0.0337666 (reactive_planner.py:713)
INFO     [2026-09-29 22:18:25] --- Type conversion time: 	0.0028721 (reactive_planner.py:714)
INFO     [2026-09-29 22:18:25] --- Rejected 75 infeasible trajectories due to kinematics (reactive_planner.py:715)
INFO     [2026-09-29 22:18:25] --- Rejected 0 infeasible trajectories due to collisions (reactive_planner.py:718)
INFO     [2026-09-29 22:18:25] --- Total planning time: 	0.0353065 (reactive_planner.py:745)
INFO     [2026-09-29 22:18:25] --- Sampled interval of velocity: 16.95487234735033 m/s - 21.95487234735033 m/s (reactive_planner.py:378)
INFO     [2026-09-29 22:18:25] --- =============================================================== (reactive_planner.py:674)
INFO     [2026-09-29 22:18:25] --- =================== Starting Planning Cycle =================== (reactive_planner.py:675)
INFO     [2026-09-29 22:18:25] --- ==== Initial state Cartesian ==== (reactive_planner.py:676)
INFO     [2026-09-29 22:18:25] --- time_step=24 (reactive_planner.py:677)
INFO     [2026-09-29 22:18:25] --- position=[75.91915745  3.5248224 ], steering_angle=0.008022221939129137, velocity=19.82987234735033 (reactive_planner.py:678)
INFO     [2026-09-29 22:18:25] --- orientation=-0.028470029199468602, acceleration=-0.25724035237048143, yaw_rate=0.03379850249196181 (reactive_planner.py:680)
INFO     [2026-09-29 22:18:25] --- ==== Initial state Curvilinear ==== (reactive_planner.py:682)
INFO     [2026-09-29 22:18:25] --- longitudinal state = (np.float64(76.74715445008418), np.float64(19.709160864035656), np.float64(-0.2691386285826918)) (reactive_planner.py:683)
INFO     [2026-09-29 22:18:25] --- lateral state = (np.float64(1.5916636553520147), np.float64(-2.640758352412419), np.float64(0.5684463091872308)) (reactive_planner.py:684)
INFO     [2026-09-29 22:18:25] --- ==== Target states ==== (reactive_planner.py:685)
INFO     [2026-09-29 22:18:25] --- longitudinal driving mode: velocity_keeping (reactive_planner.py:686)
INFO     [2026-09-29 22:18:25] --- desired velocity: 20.0 m/s (reactive_planner.py:687)
INFO     [2026-09-29 22:18:25] --- desired longitudinal position: None m (reactive_planner.py:688)
INFO     [2026-09-29 22:18:25] --- ==== Sampling Settings ==== (reactive_planner.py:689)
INFO     [2026-09-29 22:18:25] --- sampling mode: 1 (reactive_planner.py:690)
INFO     [2026-09-29 22:18:25] --- ===== Sampling trajectories ... ===== (reactive_planner.py:536)
INFO     [2026-09-29 22:18:25] --- Sampling density 2 of 4 (reactive_planner.py:537)
INFO     [2026-09-29 22:18:25] --- Number of trajectory samples: 120 (reactive_planner.py:546)
INFO     [2026-09-29 22:18:25] --- ===== Checking trajectories ... ===== (reactive_planner.py:1168)
INFO     [2026-09-29 22:18:25] --- Kinematic checks took:  	0.0294484s (reactive_planner.py:1214)
INFO     [2026-09-29 22:18:25] --- Sort trajectories took:  	0.0007100s (reactive_planner.py:1231)
INFO     [2026-09-29 22:18:25] --- Collision checks took:  	0.3695245s (reactive_planner.py:1118)
INFO     [2026-09-29 22:18:25] --- ===== Planning result ===== (reactive_planner.py:711)
INFO     [2026-09-29 22:18:25] --- Total checking time: 	0.0374994 (reactive_planner.py:713)
INFO     [2026-09-29 22:18:25] --- Type conversion time: 	0.0029326 (reactive_planner.py:714)
INFO     [2026-09-29 22:18:25] --- Rejected 70 infeasible trajectories due to kinematics (reactive_planner.py:715)
INFO     [2026-09-29 22:18:25] --- Rejected 0 infeasible trajectories due to collisions (reactive_planner.py:718)
INFO     [2026-09-29 22:18:25] --- Total planning time: 	0.0390477 (reactive_planner.py:745)
INFO     [2026-09-29 22:18:25] --- Goal of planning problem reached (reactive_planner.py:226)
